../Core/Src/main.c:64:6:DMA1_Stream4_IRQHandler	4	static
../Core/Src/main.c:68:5:__io_putchar	24	static
../Core/Src/main.c:77:6:DMA_Init	4	static
../Core/Src/main.c:93:6:TIM_Init	4	static
../Core/Src/main.c:137:5:main	32	static
../Core/Src/main.c:216:6:SystemClock_Config	88	static
../Core/Src/main.c:264:13:MX_TIM3_Init	64	static
../Core/Src/main.c:323:13:MX_USART2_UART_Init	8	static
../Core/Src/main.c:356:13:MX_GPIO_Init	32	static
../Core/Src/main.c:383:6:Error_Handler	4	static,ignoring_inline_asm
